python : Creating test database for alias 'default' 
('file:memorydb_default?mode=memory&cache=shared')...
At line:1 char:1
+ python manage.py test --verbosity=2 2>&1 | Tee-Object -FilePath 
test_ ...
+ ~~~~~~~~~~~~~~~~~~~~~~~~~~~~~~~~~~~~~~~~
    + CategoryInfo          : NotSpecified: (Creating test d...che=sh 
   ared')...:String) [], RemoteException
    + FullyQualifiedErrorId : NativeCommandError
 

Found 6 test(s).
Operations to perform:
  Synchronize unmigrated apps: messages, staticfiles
  Apply all migrations: Account_management, Inventory, POS, Sales_forecast, admin, auth, contenttypes, sessions
Synchronizing apps without migrations:
  Creating tables...
    Running deferred SQL...
Running migrations:
  Applying contenttypes.0001_initial... OK
  Applying contenttypes.0002_remove_content_type_name... OK
  Applying auth.0001_initial... OK
  Applying auth.0002_alter_permission_name_max_length... OK
  Applying auth.0003_alter_user_email_max_length... OK
  Applying auth.0004_alter_user_username_opts... OK
  Applying auth.0005_alter_user_last_login_null... OK
  Applying auth.0006_require_contenttypes_0002... OK
  Applying auth.0007_alter_validators_add_error_messages... OK
  Applying auth.0008_alter_user_username_max_length... OK
  Applying auth.0009_alter_user_last_name_max_length... OK
  Applying auth.0010_alter_group_name_max_length... OK
  Applying auth.0011_update_proxy_permissions... OK
  Applying auth.0012_alter_user_first_name_max_length... OK
  Applying Account_management.0001_initial... OK
  Applying Account_management.0002_alter_account_managers_account_full_name_and_more... OK
  Applying Inventory.0001_initial... OK
  Applying Inventory.0002_alter_item_category_alter_item_created_at_and_more... OK
  Applying POS.0001_initial... OK
  Applying POS.0002_alter_sale_payment_method_transaction... OK
  Applying POS.0003_saleitemunit... OK
  Applying POS.0004_saleitem_product_name_alter_saleitem_price_and_more... OK
  Applying POS.0005_dailysalesrecord... OK
  Applying Sales_forecast.0001_initial... OK
  Applying Sales_forecast.0002_noop_fix_indexes... OK
  Applying Sales_forecast.0003_add_train_fields... OK
  Applying Sales_forecast.0004_add_horizon_field... OK
  Applying admin.0001_initial... OK
  Applying admin.0002_logentry_remove_auto_add... OK
  Applying admin.0003_logentry_add_action_flag_choices... OK
test_forecast_api_get 
(Sales_forecast.tests.APITests.test_forecast_api_get)
Use explicit path to avoid URL reversing issues in different 
projects. ... ok
test_retrain_api_requires_admin_and_creates_run (Sales_forecast.tests.
APITests.test_retrain_api_requires_admin_and_creates_run) ... ok
test_train_and_persist_default_helper (Sales_forecast.tests.MLPipeline
Tests.test_train_and_persist_default_helper) ... ok
test_train_xgb_model_creates_run_and_artifact (Sales_forecast.tests.ML
PipelineTests.test_train_xgb_model_creates_run_and_artifact) ... ok
test_get_daily_sales_df_aggregates_multiple_products (Sales_forecast.t
ests.UtilsTests.test_get_daily_sales_df_aggregates_multiple_products) 
... ok
test_get_daily_sales_df_product_filter (Sales_forecast.tests.UtilsTest
s.test_get_daily_sales_df_product_filter) ... ok

----------------------------------------------------------------------
Ran 6 tests in 11.451s

OK
Destroying test database for alias 'default' 
('file:memorydb_default?mode=memory&cache=shared')...

  Applying sessions.0001_initial... OK
System check identified no issues (0 silenced).
